2026-06-29 06:40:39,837 - aqt.helper - DEBUG - helper 140538422763648 Attempt to download checksum at https://download.qt.io/online/qtsdkrepository/linux_x64/desktop/qt6_6120/qt6_6120/Updates.xml.sha256
2026-06-29 06:40:42,175 - aqt.helper - DEBUG - helper 140559391678592 Attempt to download checksum at https://download.qt.io/online/qtsdkrepository/linux_x64/desktop/qt6_6111/qt6_6111/Updates.xml.sha256
2026-06-29 06:40:45,286 - aqt.helper - DEBUG - helper 140701739446400 Attempt to download checksum at https://download.qt.io/online/qtsdkrepository/windows_x86/desktop/qt6_6111/qt6_6111/Updates.xml.sha256
2026-06-29 06:40:46,390 - aqt.helper - DEBUG - helper 140701739446400 Attempt to download checksum at https://download.qt.io/online/qtsdkrepository/windows_x86/desktop/qt6_6111/qt6_6111/Updates.xml.sha256
2026-06-29 06:40:47,289 - aqt.helper - DEBUG - helper 140701739446400 Attempt to download checksum at https://download.qt.io/online/qtsdkrepository/windows_x86/desktop/qt6_6111/qt6_6111/Updates.xml.sha256
2026-06-29 06:40:48,257 - aqt.helper - DEBUG - helper 140701739446400 Attempt to download checksum at https://download.qt.io/online/qtsdkrepository/windows_x86/desktop/qt6_6111/qt6_6111/Updates.xml.sha256
2026-06-29 06:40:49,167 - aqt.helper - DEBUG - helper 140701739446400 Attempt to download checksum at https://download.qt.io/online/qtsdkrepository/windows_x86/desktop/qt6_6111/qt6_6111/Updates.xml.sha256
2026-06-29 06:40:50,095 - aqt.main - ERROR - installer 140701739446400 Failed to download checksum for the file 'Updates.xml' from mirrors '['https://download.qt.io']
==============================Suggested follow-up:==============================
* Check your internet connection
* Consider modifying `requests.max_retries_to_retrieve_hash` in settings.ini
* Consider modifying `mirrors.trusted_mirrors` in settings.ini (see https://aqtinstall.readthedocs.io/en/stable/configuration.html#configuration)
* Please use 'aqt list-qt windows desktop' to show versions of Qt available.
2026-06-29 06:41:00,130 - aqt.helper - DEBUG - helper 140227543363712 Attempt to download checksum at https://download.qt.io/online/qtsdkrepository/windows_x86/desktop/qt6_6120/qt6_6120/Updates.xml.sha256
2026-06-29 06:41:01,083 - aqt.helper - DEBUG - helper 140227543363712 Attempt to download checksum at https://download.qt.io/online/qtsdkrepository/windows_x86/desktop/qt6_6120/qt6_6120/Updates.xml.sha256
2026-06-29 06:41:01,992 - aqt.helper - DEBUG - helper 140227543363712 Attempt to download checksum at https://download.qt.io/online/qtsdkrepository/windows_x86/desktop/qt6_6120/qt6_6120/Updates.xml.sha256
2026-06-29 06:41:03,021 - aqt.helper - DEBUG - helper 140227543363712 Attempt to download checksum at https://download.qt.io/online/qtsdkrepository/windows_x86/desktop/qt6_6120/qt6_6120/Updates.xml.sha256
2026-06-29 06:41:03,958 - aqt.helper - DEBUG - helper 140227543363712 Attempt to download checksum at https://download.qt.io/online/qtsdkrepository/windows_x86/desktop/qt6_6120/qt6_6120/Updates.xml.sha256
2026-06-29 06:41:04,955 - aqt.main - ERROR - installer 140227543363712 Failed to download checksum for the file 'Updates.xml' from mirrors '['https://download.qt.io']
==============================Suggested follow-up:==============================
* Check your internet connection
* Consider modifying `requests.max_retries_to_retrieve_hash` in settings.ini
* Consider modifying `mirrors.trusted_mirrors` in settings.ini (see https://aqtinstall.readthedocs.io/en/stable/configuration.html#configuration)
* Please use 'aqt list-qt windows desktop' to show versions of Qt available.
2026-06-29 06:41:05,204 - aqt.helper - DEBUG - helper 140671854932096 Attempt to download checksum at https://download.qt.io/online/qtsdkrepository/windows_x86/desktop/qt6_6111/qt6_6111/Updates.xml.sha256
2026-06-29 06:41:06,171 - aqt.helper - DEBUG - helper 140671854932096 Attempt to download checksum at https://download.qt.io/online/qtsdkrepository/windows_x86/desktop/qt6_6111/qt6_6111/Updates.xml.sha256
2026-06-29 06:41:07,079 - aqt.helper - DEBUG - helper 140671854932096 Attempt to download checksum at https://download.qt.io/online/qtsdkrepository/windows_x86/desktop/qt6_6111/qt6_6111/Updates.xml.sha256
2026-06-29 06:41:08,129 - aqt.helper - DEBUG - helper 140671854932096 Attempt to download checksum at https://download.qt.io/online/qtsdkrepository/windows_x86/desktop/qt6_6111/qt6_6111/Updates.xml.sha256
2026-06-29 06:41:09,095 - aqt.helper - DEBUG - helper 140671854932096 Attempt to download checksum at https://download.qt.io/online/qtsdkrepository/windows_x86/desktop/qt6_6111/qt6_6111/Updates.xml.sha256
2026-06-29 06:41:10,163 - aqt.main - ERROR - installer 140671854932096 Failed to download checksum for the file 'Updates.xml' from mirrors '['https://download.qt.io']
==============================Suggested follow-up:==============================
* Check your internet connection
* Consider modifying `requests.max_retries_to_retrieve_hash` in settings.ini
* Consider modifying `mirrors.trusted_mirrors` in settings.ini (see https://aqtinstall.readthedocs.io/en/stable/configuration.html#configuration)
* Please use 'aqt list-qt windows desktop' to show versions of Qt available.
2026-06-29 06:41:10,407 - aqt.helper - DEBUG - helper 139976456552576 Attempt to download checksum at https://download.qt.io/online/qtsdkrepository/windows_x86/desktop/qt6_6110/qt6_6110/Updates.xml.sha256
2026-06-29 06:41:11,331 - aqt.helper - DEBUG - helper 139976456552576 Attempt to download checksum at https://download.qt.io/online/qtsdkrepository/windows_x86/desktop/qt6_6110/qt6_6110/Updates.xml.sha256
2026-06-29 06:41:12,225 - aqt.helper - DEBUG - helper 139976456552576 Attempt to download checksum at https://download.qt.io/online/qtsdkrepository/windows_x86/desktop/qt6_6110/qt6_6110/Updates.xml.sha256
2026-06-29 06:41:13,323 - aqt.helper - DEBUG - helper 139976456552576 Attempt to download checksum at https://download.qt.io/online/qtsdkrepository/windows_x86/desktop/qt6_6110/qt6_6110/Updates.xml.sha256
2026-06-29 06:41:14,275 - aqt.helper - DEBUG - helper 139976456552576 Attempt to download checksum at https://download.qt.io/online/qtsdkrepository/windows_x86/desktop/qt6_6110/qt6_6110/Updates.xml.sha256
2026-06-29 06:41:15,219 - aqt.main - ERROR - installer 139976456552576 Failed to download checksum for the file 'Updates.xml' from mirrors '['https://download.qt.io']
==============================Suggested follow-up:==============================
* Check your internet connection
* Consider modifying `requests.max_retries_to_retrieve_hash` in settings.ini
* Consider modifying `mirrors.trusted_mirrors` in settings.ini (see https://aqtinstall.readthedocs.io/en/stable/configuration.html#configuration)
* Please use 'aqt list-qt windows desktop' to show versions of Qt available.
